Archive member included to satisfy reference by file (symbol)

c:/program files (x86)/atmel/studio/7.0/toolchain/avr8/avr8-gnu-toolchain/bin/../lib/gcc/avr/5.4.0/avr5\libgcc.a(_exit.o)
                              C:/Program Files (x86)/Atmel/Studio/7.0/Packs/atmel/ATmega_DFP/1.2.150/gcc/dev/atmega32/avr5/crtatmega32.o (exit)
c:/program files (x86)/atmel/studio/7.0/toolchain/avr8/avr8-gnu-toolchain/bin/../lib/gcc/avr/5.4.0/avr5\libgcc.a(_copy_data.o)
                              Sources/Home_automotion.o (__do_copy_data)
c:/program files (x86)/atmel/studio/7.0/toolchain/avr8/avr8-gnu-toolchain/bin/../lib/gcc/avr/5.4.0/avr5\libgcc.a(_clear_bss.o)
                              Sources/Home_automotion.o (__do_clear_bss)

Allocating common symbols
Common symbol       size              file

timer_flag          0x1               Sources/main.o
pressed_button      0x1               Sources/Home_automotion.o

Discarded input sections

 .data          0x00000000        0x0 C:/Program Files (x86)/Atmel/Studio/7.0/Packs/atmel/ATmega_DFP/1.2.150/gcc/dev/atmega32/avr5/crtatmega32.o
 .bss           0x00000000        0x0 C:/Program Files (x86)/Atmel/Studio/7.0/Packs/atmel/ATmega_DFP/1.2.150/gcc/dev/atmega32/avr5/crtatmega32.o
 .text          0x00000000        0x0 Sources/ADC_driver.o
 .data          0x00000000        0x0 Sources/ADC_driver.o
 .bss           0x00000000        0x0 Sources/ADC_driver.o
 .text.ADC_vInit
                0x00000000        0x8 Sources/ADC_driver.o
 .text.ADC_u16startConversion
                0x00000000       0x10 Sources/ADC_driver.o
 .debug_info    0x00000000       0xb6 Sources/ADC_driver.o
 .debug_abbrev  0x00000000       0x78 Sources/ADC_driver.o
 .debug_loc     0x00000000       0x30 Sources/ADC_driver.o
 .debug_aranges
                0x00000000       0x28 Sources/ADC_driver.o
 .debug_ranges  0x00000000       0x18 Sources/ADC_driver.o
 .debug_line    0x00000000       0xf1 Sources/ADC_driver.o
 .debug_str     0x00000000      0x1c4 Sources/ADC_driver.o
 .comment       0x00000000       0x31 Sources/ADC_driver.o
 .debug_frame   0x00000000       0x34 Sources/ADC_driver.o
 .text          0x00000000        0x0 Sources/EEPROM.o
 .data          0x00000000        0x0 Sources/EEPROM.o
 .bss           0x00000000        0x0 Sources/EEPROM.o
 .text          0x00000000        0x0 Sources/Home_automotion.o
 .data          0x00000000        0x0 Sources/Home_automotion.o
 .bss           0x00000000        0x0 Sources/Home_automotion.o
 .text.check_timer
                0x00000000       0x50 Sources/Home_automotion.o
 .bss.blocked_flag
                0x00000000        0x1 Sources/Home_automotion.o
 .bss.entered_timeOut_flag
                0x00000000        0x1 Sources/Home_automotion.o
 .text          0x00000000        0x0 Sources/keypad1.o
 .data          0x00000000        0x0 Sources/keypad1.o
 .bss           0x00000000        0x0 Sources/keypad1.o
 .text          0x00000000        0x0 Sources/LCD_drive.o
 .data          0x00000000        0x0 Sources/LCD_drive.o
 .bss           0x00000000        0x0 Sources/LCD_drive.o
 .text          0x00000000        0x0 Sources/main.o
 .data          0x00000000        0x0 Sources/main.o
 .bss           0x00000000        0x0 Sources/main.o
 COMMON         0x00000000        0x1 Sources/main.o
 .text          0x00000000        0x0 Sources/SPI.o
 .data          0x00000000        0x0 Sources/SPI.o
 .bss           0x00000000        0x0 Sources/SPI.o
 .text.SPI_vSlaveInit
                0x00000000        0x6 Sources/SPI.o
 .text.SPI_u8SlaveRead
                0x00000000        0x8 Sources/SPI.o
 .text          0x00000000        0x0 Sources/Timers.o
 .data          0x00000000        0x0 Sources/Timers.o
 .bss           0x00000000        0x0 Sources/Timers.o
 .text          0x00000000        0x0 c:/program files (x86)/atmel/studio/7.0/toolchain/avr8/avr8-gnu-toolchain/bin/../lib/gcc/avr/5.4.0/avr5\libgcc.a(_exit.o)
 .data          0x00000000        0x0 c:/program files (x86)/atmel/studio/7.0/toolchain/avr8/avr8-gnu-toolchain/bin/../lib/gcc/avr/5.4.0/avr5\libgcc.a(_exit.o)
 .bss           0x00000000        0x0 c:/program files (x86)/atmel/studio/7.0/toolchain/avr8/avr8-gnu-toolchain/bin/../lib/gcc/avr/5.4.0/avr5\libgcc.a(_exit.o)
 .text.libgcc.mul
                0x00000000        0x0 c:/program files (x86)/atmel/studio/7.0/toolchain/avr8/avr8-gnu-toolchain/bin/../lib/gcc/avr/5.4.0/avr5\libgcc.a(_exit.o)
 .text.libgcc.div
                0x00000000        0x0 c:/program files (x86)/atmel/studio/7.0/toolchain/avr8/avr8-gnu-toolchain/bin/../lib/gcc/avr/5.4.0/avr5\libgcc.a(_exit.o)
 .text.libgcc   0x00000000        0x0 c:/program files (x86)/atmel/studio/7.0/toolchain/avr8/avr8-gnu-toolchain/bin/../lib/gcc/avr/5.4.0/avr5\libgcc.a(_exit.o)
 .text.libgcc.prologue
                0x00000000        0x0 c:/program files (x86)/atmel/studio/7.0/toolchain/avr8/avr8-gnu-toolchain/bin/../lib/gcc/avr/5.4.0/avr5\libgcc.a(_exit.o)
 .text.libgcc.builtins
                0x00000000        0x0 c:/program files (x86)/atmel/studio/7.0/toolchain/avr8/avr8-gnu-toolchain/bin/../lib/gcc/avr/5.4.0/avr5\libgcc.a(_exit.o)
 .text.libgcc.fmul
                0x00000000        0x0 c:/program files (x86)/atmel/studio/7.0/toolchain/avr8/avr8-gnu-toolchain/bin/../lib/gcc/avr/5.4.0/avr5\libgcc.a(_exit.o)
 .text.libgcc.fixed
                0x00000000        0x0 c:/program files (x86)/atmel/studio/7.0/toolchain/avr8/avr8-gnu-toolchain/bin/../lib/gcc/avr/5.4.0/avr5\libgcc.a(_exit.o)
 .text          0x00000000        0x0 c:/program files (x86)/atmel/studio/7.0/toolchain/avr8/avr8-gnu-toolchain/bin/../lib/gcc/avr/5.4.0/avr5\libgcc.a(_copy_data.o)
 .data          0x00000000        0x0 c:/program files (x86)/atmel/studio/7.0/toolchain/avr8/avr8-gnu-toolchain/bin/../lib/gcc/avr/5.4.0/avr5\libgcc.a(_copy_data.o)
 .bss           0x00000000        0x0 c:/program files (x86)/atmel/studio/7.0/toolchain/avr8/avr8-gnu-toolchain/bin/../lib/gcc/avr/5.4.0/avr5\libgcc.a(_copy_data.o)
 .text.libgcc.mul
                0x00000000        0x0 c:/program files (x86)/atmel/studio/7.0/toolchain/avr8/avr8-gnu-toolchain/bin/../lib/gcc/avr/5.4.0/avr5\libgcc.a(_copy_data.o)
 .text.libgcc.div
                0x00000000        0x0 c:/program files (x86)/atmel/studio/7.0/toolchain/avr8/avr8-gnu-toolchain/bin/../lib/gcc/avr/5.4.0/avr5\libgcc.a(_copy_data.o)
 .text.libgcc   0x00000000        0x0 c:/program files (x86)/atmel/studio/7.0/toolchain/avr8/avr8-gnu-toolchain/bin/../lib/gcc/avr/5.4.0/avr5\libgcc.a(_copy_data.o)
 .text.libgcc.prologue
                0x00000000        0x0 c:/program files (x86)/atmel/studio/7.0/toolchain/avr8/avr8-gnu-toolchain/bin/../lib/gcc/avr/5.4.0/avr5\libgcc.a(_copy_data.o)
 .text.libgcc.builtins
                0x00000000        0x0 c:/program files (x86)/atmel/studio/7.0/toolchain/avr8/avr8-gnu-toolchain/bin/../lib/gcc/avr/5.4.0/avr5\libgcc.a(_copy_data.o)
 .text.libgcc.fmul
                0x00000000        0x0 c:/program files (x86)/atmel/studio/7.0/toolchain/avr8/avr8-gnu-toolchain/bin/../lib/gcc/avr/5.4.0/avr5\libgcc.a(_copy_data.o)
 .text.libgcc.fixed
                0x00000000        0x0 c:/program files (x86)/atmel/studio/7.0/toolchain/avr8/avr8-gnu-toolchain/bin/../lib/gcc/avr/5.4.0/avr5\libgcc.a(_copy_data.o)
 .text          0x00000000        0x0 c:/program files (x86)/atmel/studio/7.0/toolchain/avr8/avr8-gnu-toolchain/bin/../lib/gcc/avr/5.4.0/avr5\libgcc.a(_clear_bss.o)
 .data          0x00000000        0x0 c:/program files (x86)/atmel/studio/7.0/toolchain/avr8/avr8-gnu-toolchain/bin/../lib/gcc/avr/5.4.0/avr5\libgcc.a(_clear_bss.o)
 .bss           0x00000000        0x0 c:/program files (x86)/atmel/studio/7.0/toolchain/avr8/avr8-gnu-toolchain/bin/../lib/gcc/avr/5.4.0/avr5\libgcc.a(_clear_bss.o)
 .text.libgcc.mul
                0x00000000        0x0 c:/program files (x86)/atmel/studio/7.0/toolchain/avr8/avr8-gnu-toolchain/bin/../lib/gcc/avr/5.4.0/avr5\libgcc.a(_clear_bss.o)
 .text.libgcc.div
                0x00000000        0x0 c:/program files (x86)/atmel/studio/7.0/toolchain/avr8/avr8-gnu-toolchain/bin/../lib/gcc/avr/5.4.0/avr5\libgcc.a(_clear_bss.o)
 .text.libgcc   0x00000000        0x0 c:/program files (x86)/atmel/studio/7.0/toolchain/avr8/avr8-gnu-toolchain/bin/../lib/gcc/avr/5.4.0/avr5\libgcc.a(_clear_bss.o)
 .text.libgcc.prologue
                0x00000000        0x0 c:/program files (x86)/atmel/studio/7.0/toolchain/avr8/avr8-gnu-toolchain/bin/../lib/gcc/avr/5.4.0/avr5\libgcc.a(_clear_bss.o)
 .text.libgcc.builtins
                0x00000000        0x0 c:/program files (x86)/atmel/studio/7.0/toolchain/avr8/avr8-gnu-toolchain/bin/../lib/gcc/avr/5.4.0/avr5\libgcc.a(_clear_bss.o)
 .text.libgcc.fmul
                0x00000000        0x0 c:/program files (x86)/atmel/studio/7.0/toolchain/avr8/avr8-gnu-toolchain/bin/../lib/gcc/avr/5.4.0/avr5\libgcc.a(_clear_bss.o)
 .text.libgcc.fixed
                0x00000000        0x0 c:/program files (x86)/atmel/studio/7.0/toolchain/avr8/avr8-gnu-toolchain/bin/../lib/gcc/avr/5.4.0/avr5\libgcc.a(_clear_bss.o)

Memory Configuration

Name             Origin             Length             Attributes
text             0x00000000         0x00020000         xr
data             0x00800060         0x0000ffa0         rw !x
eeprom           0x00810000         0x00010000         rw !x
fuse             0x00820000         0x00000002         rw !x
lock             0x00830000         0x00000400         rw !x
signature        0x00840000         0x00000400         rw !x
user_signatures  0x00850000         0x00000400         rw !x
*default*        0x00000000         0xffffffff

Linker script and memory map

LOAD C:/Program Files (x86)/Atmel/Studio/7.0/Packs/atmel/ATmega_DFP/1.2.150/gcc/dev/atmega32/avr5/crtatmega32.o
LOAD Sources/ADC_driver.o
LOAD Sources/EEPROM.o
LOAD Sources/Home_automotion.o
LOAD Sources/keypad1.o
LOAD Sources/LCD_drive.o
LOAD Sources/main.o
LOAD Sources/SPI.o
LOAD Sources/Timers.o
START GROUP
LOAD c:/program files (x86)/atmel/studio/7.0/toolchain/avr8/avr8-gnu-toolchain/bin/../lib/gcc/avr/5.4.0/../../../../avr/lib/avr5\libm.a
END GROUP
START GROUP
LOAD c:/program files (x86)/atmel/studio/7.0/toolchain/avr8/avr8-gnu-toolchain/bin/../lib/gcc/avr/5.4.0/avr5\libgcc.a
LOAD c:/program files (x86)/atmel/studio/7.0/toolchain/avr8/avr8-gnu-toolchain/bin/../lib/gcc/avr/5.4.0/../../../../avr/lib/avr5\libm.a
LOAD c:/program files (x86)/atmel/studio/7.0/toolchain/avr8/avr8-gnu-toolchain/bin/../lib/gcc/avr/5.4.0/../../../../avr/lib/avr5\libc.a
LOAD C:/Program Files (x86)/Atmel/Studio/7.0/Packs/atmel/ATmega_DFP/1.2.150/gcc/dev/atmega32/avr5\libatmega32.a
END GROUP
                0x00020000                __TEXT_REGION_LENGTH__ = DEFINED (__TEXT_REGION_LENGTH__)?__TEXT_REGION_LENGTH__:0x20000
                0x0000ffa0                __DATA_REGION_LENGTH__ = DEFINED (__DATA_REGION_LENGTH__)?__DATA_REGION_LENGTH__:0xffa0
                0x00010000                __EEPROM_REGION_LENGTH__ = DEFINED (__EEPROM_REGION_LENGTH__)?__EEPROM_REGION_LENGTH__:0x10000
                [0x00000002]                __FUSE_REGION_LENGTH__ = DEFINED (__FUSE_REGION_LENGTH__)?__FUSE_REGION_LENGTH__:0x400
                0x00000400                __LOCK_REGION_LENGTH__ = DEFINED (__LOCK_REGION_LENGTH__)?__LOCK_REGION_LENGTH__:0x400
                0x00000400                __SIGNATURE_REGION_LENGTH__ = DEFINED (__SIGNATURE_REGION_LENGTH__)?__SIGNATURE_REGION_LENGTH__:0x400
                0x00000400                __USER_SIGNATURE_REGION_LENGTH__ = DEFINED (__USER_SIGNATURE_REGION_LENGTH__)?__USER_SIGNATURE_REGION_LENGTH__:0x400

.hash
 *(.hash)

.dynsym
 *(.dynsym)

.dynstr
 *(.dynstr)

.gnu.version
 *(.gnu.version)

.gnu.version_d
 *(.gnu.version_d)

.gnu.version_r
 *(.gnu.version_r)

.rel.init
 *(.rel.init)

.rela.init
 *(.rela.init)

.rel.text
 *(.rel.text)
 *(.rel.text.*)
 *(.rel.gnu.linkonce.t*)

.rela.text
 *(.rela.text)
 *(.rela.text.*)
 *(.rela.gnu.linkonce.t*)

.rel.fini
 *(.rel.fini)

.rela.fini
 *(.rela.fini)

.rel.rodata
 *(.rel.rodata)
 *(.rel.rodata.*)
 *(.rel.gnu.linkonce.r*)

.rela.rodata
 *(.rela.rodata)
 *(.rela.rodata.*)
 *(.rela.gnu.linkonce.r*)

.rel.data
 *(.rel.data)
 *(.rel.data.*)
 *(.rel.gnu.linkonce.d*)

.rela.data
 *(.rela.data)
 *(.rela.data.*)
 *(.rela.gnu.linkonce.d*)

.rel.ctors
 *(.rel.ctors)

.rela.ctors
 *(.rela.ctors)

.rel.dtors
 *(.rel.dtors)

.rela.dtors
 *(.rela.dtors)

.rel.got
 *(.rel.got)

.rela.got
 *(.rela.got)

.rel.bss
 *(.rel.bss)

.rela.bss
 *(.rela.bss)

.rel.plt
 *(.rel.plt)

.rela.plt
 *(.rela.plt)

.text           0x00000000     0x1c0c
 *(.vectors)
 .vectors       0x00000000       0x54 C:/Program Files (x86)/Atmel/Studio/7.0/Packs/atmel/ATmega_DFP/1.2.150/gcc/dev/atmega32/avr5/crtatmega32.o
                0x00000000                __vector_default
                0x00000000                __vectors
 *(.vectors)
 *(.progmem.gcc*)
                0x00000054                . = ALIGN (0x2)
                0x00000054                __trampolines_start = .
 *(.trampolines)
 .trampolines   0x00000054        0x0 linker stubs
 *(.trampolines*)
                0x00000054                __trampolines_end = .
 *libprintf_flt.a:*(.progmem.data)
 *libc.a:*(.progmem.data)
 *(.progmem*)
                0x00000054                . = ALIGN (0x2)
 *(.jumptables)
 *(.jumptables*)
 *(.lowtext)
 *(.lowtext*)
                0x00000054                __ctors_start = .
 *(.ctors)
                0x00000054                __ctors_end = .
                0x00000054                __dtors_start = .
 *(.dtors)
                0x00000054                __dtors_end = .
 SORT(*)(.ctors)
 SORT(*)(.dtors)
 *(.init0)
 .init0         0x00000054        0x0 C:/Program Files (x86)/Atmel/Studio/7.0/Packs/atmel/ATmega_DFP/1.2.150/gcc/dev/atmega32/avr5/crtatmega32.o
                0x00000054                __init
 *(.init0)
 *(.init1)
 *(.init1)
 *(.init2)
 .init2         0x00000054        0xc C:/Program Files (x86)/Atmel/Studio/7.0/Packs/atmel/ATmega_DFP/1.2.150/gcc/dev/atmega32/avr5/crtatmega32.o
 *(.init2)
 *(.init3)
 *(.init3)
 *(.init4)
 .init4         0x00000060       0x16 c:/program files (x86)/atmel/studio/7.0/toolchain/avr8/avr8-gnu-toolchain/bin/../lib/gcc/avr/5.4.0/avr5\libgcc.a(_copy_data.o)
                0x00000060                __do_copy_data
 .init4         0x00000076       0x10 c:/program files (x86)/atmel/studio/7.0/toolchain/avr8/avr8-gnu-toolchain/bin/../lib/gcc/avr/5.4.0/avr5\libgcc.a(_clear_bss.o)
                0x00000076                __do_clear_bss
 *(.init4)
 *(.init5)
 *(.init5)
 *(.init6)
 *(.init6)
 *(.init7)
 *(.init7)
 *(.init8)
 *(.init8)
 *(.init9)
 .init9         0x00000086        0x8 C:/Program Files (x86)/Atmel/Studio/7.0/Packs/atmel/ATmega_DFP/1.2.150/gcc/dev/atmega32/avr5/crtatmega32.o
 *(.init9)
 *(.text)
 .text          0x0000008e        0x4 C:/Program Files (x86)/Atmel/Studio/7.0/Packs/atmel/ATmega_DFP/1.2.150/gcc/dev/atmega32/avr5/crtatmega32.o
                0x0000008e                __vector_1
                0x0000008e                __vector_12
                0x0000008e                __bad_interrupt
                0x0000008e                __vector_6
                0x0000008e                __vector_3
                0x0000008e                __vector_11
                0x0000008e                __vector_13
                0x0000008e                __vector_17
                0x0000008e                __vector_19
                0x0000008e                __vector_7
                0x0000008e                __vector_5
                0x0000008e                __vector_4
                0x0000008e                __vector_9
                0x0000008e                __vector_2
                0x0000008e                __vector_15
                0x0000008e                __vector_8
                0x0000008e                __vector_14
                0x0000008e                __vector_16
                0x0000008e                __vector_18
                0x0000008e                __vector_20
                0x00000092                . = ALIGN (0x2)
 *(.text.*)
 .text.v_WriteEEPROM
                0x00000092       0x10 Sources/EEPROM.o
                0x00000092                v_WriteEEPROM
 .text.v_ReadEEPROM
                0x000000a2       0x10 Sources/EEPROM.o
                0x000000a2                v_ReadEEPROM
 .text.Init_program
                0x000000b2       0x68 Sources/Home_automotion.o
                0x000000b2                Init_program
 .text.Mode_execution
                0x0000011a      0x456 Sources/Home_automotion.o
                0x0000011a                Mode_execution
 .text.Mode_decision_repetition
                0x00000570      0x88c Sources/Home_automotion.o
                0x00000570                Mode_decision_repetition
 .text.Mode_decision
                0x00000dfc      0x960 Sources/Home_automotion.o
                0x00000dfc                Mode_decision
 .text.check_pass
                0x0000175c      0x260 Sources/Home_automotion.o
                0x0000175c                check_pass
 .text.KeyPad_vInit
                0x000019bc        0xe Sources/keypad1.o
                0x000019bc                KeyPad_vInit
 .text.keypade_vscan
                0x000019ca       0xac Sources/keypad1.o
                0x000019ca                keypade_vscan
 .text.sndFallinEdge
                0x00001a76       0x1e Sources/LCD_drive.o
                0x00001a76                sndFallinEdge
 .text.LCD_vSendCmd
                0x00001a94        0xa Sources/LCD_drive.o
                0x00001a94                LCD_vSendCmd
 .text.LCD_vInit
                0x00001a9e       0x32 Sources/LCD_drive.o
                0x00001a9e                LCD_vInit
 .text.LCD_vSendChar
                0x00001ad0        0xa Sources/LCD_drive.o
                0x00001ad0                LCD_vSendChar
 .text.LCD_vPrintString
                0x00001ada       0x1e Sources/LCD_drive.o
                0x00001ada                LCD_vPrintString
 .text.LCD_vClearScreen
                0x00001af8        0x8 Sources/LCD_drive.o
                0x00001af8                LCD_vClearScreen
 .text.LCD_vMovCursor
                0x00001b00       0x1c Sources/LCD_drive.o
                0x00001b00                LCD_vMovCursor
 .text.main     0x00001b1c       0x64 Sources/main.o
                0x00001b1c                main
 .text.__vector_10
                0x00001b80       0x42 Sources/main.o
                0x00001b80                __vector_10
 .text.SPI_vMasterInit
                0x00001bc2       0x10 Sources/SPI.o
                0x00001bc2                SPI_vMasterInit
 .text.SPI_vMasterWrite
                0x00001bd2        0xc Sources/SPI.o
                0x00001bd2                SPI_vMasterWrite
 .text.Timer_vInit
                0x00001bde       0x2a Sources/Timers.o
                0x00001bde                Timer_vInit
                0x00001c08                . = ALIGN (0x2)
 *(.fini9)
 .fini9         0x00001c08        0x0 c:/program files (x86)/atmel/studio/7.0/toolchain/avr8/avr8-gnu-toolchain/bin/../lib/gcc/avr/5.4.0/avr5\libgcc.a(_exit.o)
                0x00001c08                _exit
                0x00001c08                exit
 *(.fini9)
 *(.fini8)
 *(.fini8)
 *(.fini7)
 *(.fini7)
 *(.fini6)
 *(.fini6)
 *(.fini5)
 *(.fini5)
 *(.fini4)
 *(.fini4)
 *(.fini3)
 *(.fini3)
 *(.fini2)
 *(.fini2)
 *(.fini1)
 *(.fini1)
 *(.fini0)
 .fini0         0x00001c08        0x4 c:/program files (x86)/atmel/studio/7.0/toolchain/avr8/avr8-gnu-toolchain/bin/../lib/gcc/avr/5.4.0/avr5\libgcc.a(_exit.o)
 *(.fini0)
                0x00001c0c                _etext = .

.data           0x00800060      0x184 load address 0x00001c0c
                0x00800060                PROVIDE (__data_start, .)
 *(.data)
 *(.data*)
 .data.Timer_counter
                0x00800060        0x2 Sources/main.o
                0x00800060                Timer_counter
 *(.gnu.linkonce.d*)
 *(.rodata)
 .rodata        0x00800062       0x10 Sources/keypad1.o
 *(.rodata*)
 .rodata.str1.1
                0x00800072      0x166 Sources/Home_automotion.o
 .rodata.str1.1
                0x008001d8        0xc Sources/main.o
                                 0x19 (size before relaxing)
 *(.gnu.linkonce.r*)
                0x008001e4                . = ALIGN (0x2)
                0x008001e4                _edata = .
                0x008001e4                PROVIDE (__data_end, .)

.bss            0x008001e4        0x6
                0x008001e4                PROVIDE (__bss_start, .)
 *(.bss)
 *(.bss*)
 .bss.zero_pressed_flag.1780
                0x008001e4        0x1 Sources/Home_automotion.o
 .bss.entering_function_counter_flag.1754
                0x008001e5        0x1 Sources/Home_automotion.o
 .bss.is_admin_mode
                0x008001e6        0x1 Sources/Home_automotion.o
                0x008001e6                is_admin_mode
 .bss.is_guest_mode_flag
                0x008001e7        0x1 Sources/Home_automotion.o
                0x008001e7                is_guest_mode_flag
 .bss.EEPROM_recorded
                0x008001e8        0x1 Sources/Home_automotion.o
 *(COMMON)
 COMMON         0x008001e9        0x1 Sources/Home_automotion.o
                0x008001e9                pressed_button
                0x008001ea                PROVIDE (__bss_end, .)
                0x00001c0c                __data_load_start = LOADADDR (.data)
                0x00001d90                __data_load_end = (__data_load_start + SIZEOF (.data))

.noinit         0x008001ea        0x0
                [!provide]                PROVIDE (__noinit_start, .)
 *(.noinit*)
                [!provide]                PROVIDE (__noinit_end, .)
                0x008001ea                _end = .
                [!provide]                PROVIDE (__heap_start, .)

.eeprom         0x00810000        0x0
 *(.eeprom*)
                0x00810000                __eeprom_end = .

.fuse
 *(.fuse)
 *(.lfuse)
 *(.hfuse)
 *(.efuse)

.lock
 *(.lock*)

.signature
 *(.signature*)

.user_signatures
 *(.user_signatures*)

.stab
 *(.stab)

.stabstr
 *(.stabstr)

.stab.excl
 *(.stab.excl)

.stab.exclstr
 *(.stab.exclstr)

.stab.index
 *(.stab.index)

.stab.indexstr
 *(.stab.indexstr)

.comment        0x00000000       0x30
 *(.comment)
 .comment       0x00000000       0x30 Sources/EEPROM.o
                                 0x31 (size before relaxing)
 .comment       0x00000030       0x31 Sources/Home_automotion.o
 .comment       0x00000030       0x31 Sources/keypad1.o
 .comment       0x00000030       0x31 Sources/LCD_drive.o
 .comment       0x00000030       0x31 Sources/main.o
 .comment       0x00000030       0x31 Sources/SPI.o
 .comment       0x00000030       0x31 Sources/Timers.o

.note.gnu.avr.deviceinfo
                0x00000000       0x3c
 .note.gnu.avr.deviceinfo
                0x00000000       0x3c C:/Program Files (x86)/Atmel/Studio/7.0/Packs/atmel/ATmega_DFP/1.2.150/gcc/dev/atmega32/avr5/crtatmega32.o

.note.gnu.build-id
 *(.note.gnu.build-id)

.debug
 *(.debug)

.line
 *(.line)

.debug_srcinfo
 *(.debug_srcinfo)

.debug_sfnames
 *(.debug_sfnames)

.debug_aranges  0x00000000      0x168
 *(.debug_aranges)
 .debug_aranges
                0x00000000       0x28 Sources/EEPROM.o
 .debug_aranges
                0x00000028       0x48 Sources/Home_automotion.o
 .debug_aranges
                0x00000070       0x28 Sources/keypad1.o
 .debug_aranges
                0x00000098       0x50 Sources/LCD_drive.o
 .debug_aranges
                0x000000e8       0x28 Sources/main.o
 .debug_aranges
                0x00000110       0x38 Sources/SPI.o
 .debug_aranges
                0x00000148       0x20 Sources/Timers.o

.debug_pubnames
 *(.debug_pubnames)

.debug_info     0x00000000     0x4096
 *(.debug_info .gnu.linkonce.wi.*)
 .debug_info    0x00000000      0x4e6 C:/Program Files (x86)/Atmel/Studio/7.0/Packs/atmel/ATmega_DFP/1.2.150/gcc/dev/atmega32/avr5/crtatmega32.o
 .debug_info    0x000004e6       0xe3 Sources/EEPROM.o
 .debug_info    0x000005c9     0x321d Sources/Home_automotion.o
 .debug_info    0x000037e6       0xfd Sources/keypad1.o
 .debug_info    0x000038e3      0x2f9 Sources/LCD_drive.o
 .debug_info    0x00003bdc      0x34f Sources/main.o
 .debug_info    0x00003f2b       0xe9 Sources/SPI.o
 .debug_info    0x00004014       0x82 Sources/Timers.o

.debug_abbrev   0x00000000      0xc32
 *(.debug_abbrev)
 .debug_abbrev  0x00000000      0x4a3 C:/Program Files (x86)/Atmel/Studio/7.0/Packs/atmel/ATmega_DFP/1.2.150/gcc/dev/atmega32/avr5/crtatmega32.o
 .debug_abbrev  0x000004a3       0x8b Sources/EEPROM.o
 .debug_abbrev  0x0000052e      0x2b8 Sources/Home_automotion.o
 .debug_abbrev  0x000007e6       0xa2 Sources/keypad1.o
 .debug_abbrev  0x00000888      0x16a Sources/LCD_drive.o
 .debug_abbrev  0x000009f2      0x154 Sources/main.o
 .debug_abbrev  0x00000b46       0x9d Sources/SPI.o
 .debug_abbrev  0x00000be3       0x4f Sources/Timers.o

.debug_line     0x00000000     0x1e4c
 *(.debug_line .debug_line.* .debug_line_end)
 .debug_line    0x00000000      0x115 C:/Program Files (x86)/Atmel/Studio/7.0/Packs/atmel/ATmega_DFP/1.2.150/gcc/dev/atmega32/avr5/crtatmega32.o
 .debug_line    0x00000115       0xfd Sources/EEPROM.o
 .debug_line    0x00000212     0x1550 Sources/Home_automotion.o
 .debug_line    0x00001762      0x10c Sources/keypad1.o
 .debug_line    0x0000186e      0x227 Sources/LCD_drive.o
 .debug_line    0x00001a95      0x1ab Sources/main.o
 .debug_line    0x00001c40      0x13f Sources/SPI.o
 .debug_line    0x00001d7f       0xcd Sources/Timers.o

.debug_frame    0x00000000      0x2bc
 *(.debug_frame)
 .debug_frame   0x00000000       0x34 Sources/EEPROM.o
 .debug_frame   0x00000034       0xf4 Sources/Home_automotion.o
 .debug_frame   0x00000128       0x44 Sources/keypad1.o
 .debug_frame   0x0000016c       0x90 Sources/LCD_drive.o
 .debug_frame   0x000001fc       0x48 Sources/main.o
 .debug_frame   0x00000244       0x54 Sources/SPI.o
 .debug_frame   0x00000298       0x24 Sources/Timers.o

.debug_str      0x00000000      0x730
 *(.debug_str)
 .debug_str     0x00000000      0x196 C:/Program Files (x86)/Atmel/Studio/7.0/Packs/atmel/ATmega_DFP/1.2.150/gcc/dev/atmega32/avr5/crtatmega32.o
 .debug_str     0x00000196      0x191 Sources/EEPROM.o
                                0x1c5 (size before relaxing)
 .debug_str     0x00000327      0x2cc Sources/Home_automotion.o
                                0x3fe (size before relaxing)
 .debug_str     0x000005f3       0x27 Sources/keypad1.o
                                0x1ac (size before relaxing)
 .debug_str     0x0000061a       0x88 Sources/LCD_drive.o
                                0x23e (size before relaxing)
 .debug_str     0x000006a2       0x4a Sources/main.o
                                0x2a0 (size before relaxing)
 .debug_str     0x000006ec       0x30 Sources/SPI.o
                                0x1d7 (size before relaxing)
 .debug_str     0x0000071c       0x14 Sources/Timers.o
                                0x18e (size before relaxing)

.debug_loc      0x00000000     0x18b4
 *(.debug_loc)
 .debug_loc     0x00000000       0x21 Sources/EEPROM.o
 .debug_loc     0x00000021     0x14c7 Sources/Home_automotion.o
 .debug_loc     0x000014e8       0xe3 Sources/keypad1.o
 .debug_loc     0x000015cb      0x258 Sources/LCD_drive.o
 .debug_loc     0x00001823       0x91 Sources/main.o

.debug_macinfo
 *(.debug_macinfo)

.debug_weaknames
 *(.debug_weaknames)

.debug_funcnames
 *(.debug_funcnames)

.debug_typenames
 *(.debug_typenames)

.debug_varnames
 *(.debug_varnames)

.debug_pubtypes
 *(.debug_pubtypes)

.debug_ranges   0x00000000      0x220
 *(.debug_ranges)
 .debug_ranges  0x00000000       0x18 Sources/EEPROM.o
 .debug_ranges  0x00000018      0x160 Sources/Home_automotion.o
 .debug_ranges  0x00000178       0x18 Sources/keypad1.o
 .debug_ranges  0x00000190       0x40 Sources/LCD_drive.o
 .debug_ranges  0x000001d0       0x18 Sources/main.o
 .debug_ranges  0x000001e8       0x28 Sources/SPI.o
 .debug_ranges  0x00000210       0x10 Sources/Timers.o

.debug_macro
 *(.debug_macro)
OUTPUT(home_automotion.elf elf32-avr)
LOAD linker stubs
